`mit branch foo` creates a branch "foo" checked out in worktree ../foo

local/main> echo 'Hello, world' > hello.txt # success
local/main> git add --all # success
local/main> git commit --message 'Initial commit' # success
[main (root-commit) 2c14b13] Initial commit
 1 file changed, 1 insertion(+)
 create mode 100644 hello.txt


local/main> mit branch foo # success
 
  Created foo in /home/mitchell/code/projects/mit/.mitscript/local/foo
 


local/main> git worktree list # success
/home/mitchell/code/projects/mit/.mitscript/local/main  2c14b13 [main]
/home/mitchell/code/projects/mit/.mitscript/local/foo   2c14b13 [foo]

local/foo> git log # success
commit 2c14b13e4f899a1b73f718659affed3def23938b
Author: Bob Ross <bob@bobross.com>
Date:   Thu Jan 1 00:00:00 1970 -0500

    Initial commit

local/foo> git status # success
On branch foo
nothing to commit, working tree clean

